Informe de estadísticas de la placa
=============================
- Fecha: 05/08/2026 21:51:22
- Proyecto: board
- Nombre de placa: board

Placa
-----
- Anchura: 116,0000 mm
- Alto: 44,0000 mm
- Área: 5102,064 mm²
- Área de cobre frontal: 681,599 mm²
- Área de cobre posterior: 466,632 mm²
- Margen mínimo de pista: 0,0000 mm
- Ancho mínimo de pista: 0,2500 mm
- Diámetro mín. de taladro: 0,3000 mm
- Grosor del apilado de la placa: 1,6000 mm

- Área de huellas frontal: 245,605 mm²
- Área de huellas posterior: 245,605 mm²
- Densidad de componentes frontal: 4,81 %
- Densidad de componentes posterior: 4,81 %
Pads
----
- Agujero pasante: 38
- SMD: 64
- Conector: 0
- NPTH: 0
- Almenado: 0
- Press-fit: 0

Vías
----
- Vías pasantes: 18
- Vías ciegas: 0
- Vías enterradas: 0
- Microvías: 0

Componentes
----------

|                  | Lado frontal | Lado trasero | Total |
|------------------|--------------|--------------|-------|
|THT:              |            0 |            0 |     0 |
|SMD:              |            0 |            0 |     0 |
|No especificado:  |           20 |            0 |    20 |
|Total:            |           20 |            0 |    20 |

Agujeros de taladros
-----------

| Cantidad |   Forma |  Tamaño X |  Tamaño Y | Revestido | Vía/Pad | Capa inicial | Capa final |
|----------|---------|-----------|-----------|-----------|---------|--------------|------------|
|       34 | Redondo | 1,0000 mm | 1,0000 mm |       PTH |     Pad |         F.Cu |       B.Cu |
|       18 | Redondo | 0,3000 mm | 0,3000 mm |       PTH |     Vía |         F.Cu |       B.Cu |
|        4 | Redondo | 3,2000 mm | 3,2000 mm |       PTH |     Pad |         F.Cu |       B.Cu |
